
There are no discarded input sections

Memory Configuration

Name             Origin             Length             Attributes
iram0            0x4037c000         0x00004000         xrw
dram1            0x3fc80000         0x00060000         rw
iucache          0x42000000         0x00800000         x
ducache          0x3c000000         0x00800000         r
*default*        0x00000000         0xffffffff

Linker script and memory map


.text           0x42000000      0x1c8 load address 0x3c000000
                0x42000000                        _text_start = .
 *(.text.init)
 .text.init     0x42000000        0xa build/startup.o
                0x42000000                _start
 *(.text)
 .text          0x4200000a       0xaa build/gpio.o
                0x4200000a                gpio_input_enable
                0x42000020                gpio_output_enable
                0x4200003c                gpio_output_func_select
                0x42000050                gpio_read
                0x42000070                gpio_write
                0x4200008c                gpio_toggle
 .text          0x420000b4       0x16 build/main.o
                0x420000b4                main
 .text          0x420000ca        0x0 build/startup.o
 .text          0x420000ca       0x62 build/systimer.o
                0x42000104                delay_us
                0x42000116                delay_ms
 .text          0x4200012c       0x9c build/wdt.o
                0x4200013c                wdt_disable
 *(.text*)
                0x420001c8                        . = ALIGN (0x4)
                0x420001c8                        _text_end = .
                0x000001c8                        _text_size = (_text_end - _text_start)

.data           0x3fc80000        0x0
                0x3fc80000                        . = ALIGN (0x10)
                0x3fc80000                        _data_start = .
 *(.data)
 .data          0x3fc80000        0x0 build/gpio.o
 .data          0x3fc80000        0x0 build/main.o
 .data          0x3fc80000        0x0 build/startup.o
 .data          0x3fc80000        0x0 build/systimer.o
 .data          0x3fc80000        0x0 build/wdt.o
 *(.data*)
 *(.sdata)
 *(.sdata*)
 *(.rodata)
 *(.rodata*)
                0x3fc80000                        . = ALIGN (0x10)
                0x3fc80000                        _data_end = .
                0x00000000                        _data_size = (_data_end - _data_start)
                0x3fc80000                        _data_loadaddr = LOADADDR (.data)

.bss            0x3fc80000        0x0
                0x3fc80000                        . = ALIGN (0x10)
                0x3fc80000                        _bss_start = .
 *(.bss)
 .bss           0x3fc80000        0x0 build/gpio.o
 .bss           0x3fc80000        0x0 build/main.o
 .bss           0x3fc80000        0x0 build/startup.o
 .bss           0x3fc80000        0x0 build/systimer.o
 .bss           0x3fc80000        0x0 build/wdt.o
 *(.bss*)
 *(.sbss)
 *(.sbss*)
                0x3fc80000                        . = ALIGN (0x10)
                0x3fc80000                        _bss_end = .
                0x00000000                        _bss_size = (_bss_end - _bss_start)
LOAD build/gpio.o
LOAD build/main.o
LOAD build/startup.o
LOAD build/systimer.o
LOAD build/wdt.o
OUTPUT(build/main.elf elf32-littleriscv)

.riscv.attributes
                0x00000000       0x2d
 .riscv.attributes
                0x00000000       0x2d build/gpio.o
 .riscv.attributes
                0x0000002d       0x2d build/main.o
 .riscv.attributes
                0x0000005a       0x2d build/startup.o
 .riscv.attributes
                0x00000087       0x2d build/systimer.o
 .riscv.attributes
                0x000000b4       0x2d build/wdt.o

.debug_line     0x00000000      0x3e2
 .debug_line    0x00000000      0x152 build/gpio.o
 .debug_line    0x00000152       0x5c build/main.o
 .debug_line    0x000001ae       0x47 build/startup.o
 .debug_line    0x000001f5      0x10e build/systimer.o
 .debug_line    0x00000303       0xdf build/wdt.o

.debug_info     0x00000000      0x187
 .debug_info    0x00000000       0x7b build/gpio.o
 .debug_info    0x0000007b       0x35 build/main.o
 .debug_info    0x000000b0       0x35 build/startup.o
 .debug_info    0x000000e5       0x5f build/systimer.o
 .debug_info    0x00000144       0x43 build/wdt.o

.debug_abbrev   0x00000000       0xa5
 .debug_abbrev  0x00000000       0x21 build/gpio.o
 .debug_abbrev  0x00000021       0x21 build/main.o
 .debug_abbrev  0x00000042       0x21 build/startup.o
 .debug_abbrev  0x00000063       0x21 build/systimer.o
 .debug_abbrev  0x00000084       0x21 build/wdt.o

.debug_aranges  0x00000000       0xa0
 .debug_aranges
                0x00000000       0x20 build/gpio.o
 .debug_aranges
                0x00000020       0x20 build/main.o
 .debug_aranges
                0x00000040       0x20 build/startup.o
 .debug_aranges
                0x00000060       0x20 build/systimer.o
 .debug_aranges
                0x00000080       0x20 build/wdt.o

.debug_str      0x00000000      0x133
 .debug_str     0x00000000      0x133 build/gpio.o
                                 0xaa (size before relaxing)
 .debug_str     0x00000133       0x51 build/main.o
 .debug_str     0x00000133       0x56 build/startup.o
 .debug_str     0x00000133       0x86 build/systimer.o
 .debug_str     0x00000133       0x60 build/wdt.o
